app/page.tsx(669,36): error TS2322: Type '{ results: any; inputs: { currentAge: number; retirementAge: number; lifeExpectancy: number; monthlyExpense: number; inflationRate: number; preReturn: number; postReturn: number; }; t: { bg: string; ... 19 more ...; tableHi: string; }; }' is not assignable to type 'IntrinsicAttributes & { result: any; inputs: any; t: { bg: string; surface: string; surfaceAlt: string; surfaceCard: string; border: string; borderAccent: string; text: string; ... 13 more ...; tableHi: string; }; }'.
  Property 'results' does not exist on type 'IntrinsicAttributes & { result: any; inputs: any; t: { bg: string; surface: string; surfaceAlt: string; surfaceCard: string; border: string; borderAccent: string; text: string; ... 13 more ...; tableHi: string; }; }'. Did you mean 'result'?
components/RetirementChatbot.tsx(138,91): error TS2339: Property 'startsWith' does not exist on type 'never'.
